I'm sorry, but errors were detected in your script. Please correct the
errors listed below, and try again.


File "game/script.rpy", line 44: expected statement.
    "Dr. House MD":   
                  ^

Ren'Py Version: Ren'Py 8.3.4.24120703
Fri Feb 28 00:45:39 2025
